On branch gh-pages
Your branch is up to date with 'origin/gh-pages'.

Untracked files:
  (use "git add <file>..." to include in what will be committed)
        myfirstfolder/

nothing added to commit but untracked files present (use "git add" to track)
PS C:\Users\meheret\Myfirst-Assagment> git add .
PS C:\Users\meheret\Myfirst-Assagment> git status
On branch gh-pages
Your branch is up to date with 'origin/gh-pages'.

Changes to be committed:
  (use "git restore --staged <file>..." to unstage)
        new file:   myfirstfolder/index.html

PS C:\Users\meheret\Myfirst-Assagment> git commit -m "myfirstpage"

*** Please tell me who you are.

Run

  git config --global user.email "you@example.com"
  git config --global user.name "Your Name"

to set your account's default identity.
Omit --global to set the identity only in this repository.

fatal: unable to auto-detect email address (got 'meheret@DESKTOP-HI4FQR0.(none)')
PS C:\Users\meheret\Myfirst-Assagment> git status
On branch gh-pages
Your branch is up to date with 'origin/gh-pages'.

Changes to be committed:
  (use "git restore --staged <file>..." to unstage)
        new file:   myfirstfolder/index.html

PS C:\Users\meheret\Myfirst-Assagment> git push
Everything up-to-date
PS C:\Users\meheret\Myfirst-Assagment